
> finai-smart-finance-tracker@1.0.0 build
> tsc && vite build

[36mvite v5.4.21 [32mbuilding for production...[36m[39m
node.exe : 
At line:1 char:1
+ & "C:\Program Files\nodejs/node.exe" "C:\Program 
Files\nodejs/node_mo ...
+ ~~~~~~~~~~~~~~~~~~~~~~~~~~~~~~~~~~~~~~~~~~~~~~~~~~~~~~~~~
~~~~~~~~~~~~
    + CategoryInfo          : NotSpecified: (:String) [], 
Re    moteException
    + FullyQualifiedErrorId : NativeCommandError
 
/index.css doesn't exist at build time, it will remain 
unchanged to be resolved at runtime
transforming...
[32mΓ£ô[39m 2221 modules transformed.
rendering chunks...
[1m[33m[plugin:vite:reporter][39m[22m [33m[plugin 
vite:reporter] 
(!) C:/Users/trinh/Downloads/finai---smart-finance-tracker-
--deploy/node_modules/firebase/firestore/dist/esm/index.esm
.js is dynamically imported by C:/Users/trinh/Downloads/fin
ai---smart-finance-tracker---deploy/components/providers/Au
thProvider.tsx but also statically imported by C:/Users/tri
nh/Downloads/finai---smart-finance-tracker---deploy/compone
nts/advisor/FIREPlannerModal.tsx, C:/Users/trinh/Downloads/
finai---smart-finance-tracker---deploy/components/advisor/R
iskProfileModal.tsx, C:/Users/trinh/Downloads/finai---smart
-finance-tracker---deploy/components/assets/AddAssetModal.t
sx, C:/Users/trinh/Downloads/finai---smart-finance-tracker-
--deploy/components/assets/AddLendingModal.tsx, C:/Users/tr
inh/Downloads/finai---smart-finance-tracker---deploy/compon
ents/assets/AddRealEstateModal.tsx, C:/Users/trinh/Download
s/finai---smart-finance-tracker---deploy/components/assets/
AddSavingsModal.tsx, C:/Users/trinh/Downloads/finai---smart
-finance-tracker---deploy/components/assets/AssetActionModa
l.tsx, C:/Users/trinh/Downloads/finai---smart-finance-track
er---deploy/components/assets/BuyInvestmentModal.tsx, C:/Us
ers/trinh/Downloads/finai---smart-finance-tracker---deploy/
components/assets/InvestmentDetailContent.tsx, C:/Users/tri
nh/Downloads/finai---smart-finance-tracker---deploy/compone
nts/assets/LedgerTraceability.tsx, C:/Users/trinh/Downloads
/finai---smart-finance-tracker---deploy/components/assets/L
endingOperationModal.tsx, C:/Users/trinh/Downloads/finai---
smart-finance-tracker---deploy/components/assets/MergeAccou
ntsModal.tsx, C:/Users/trinh/Downloads/finai---smart-financ
e-tracker---deploy/components/assets/RealEstateDetailConten
t.tsx, C:/Users/trinh/Downloads/finai---smart-finance-track
er---deploy/components/assets/RealEstateOperationModal.tsx,
 C:/Users/trinh/Downloads/finai---smart-finance-tracker---d
eploy/components/assets/RenewSavingsModal.tsx, C:/Users/tri
nh/Downloads/finai---smart-finance-tracker---deploy/compone
nts/assets/SellInvestmentModal.tsx, C:/Users/trinh/Download
s/finai---smart-finance-tracker---deploy/components/assets/
SellRealEstateModal.tsx, C:/Users/trinh/Downloads/finai---s
mart-finance-tracker---deploy/components/assets/SettleSavin
gsModal.tsx, C:/Users/trinh/Downloads/finai---smart-finance
-tracker---deploy/components/auth/GuestHelpModal.tsx, C:/Us
ers/trinh/Downloads/finai---smart-finance-tracker---deploy/
components/capital/AddCapitalModal.tsx, C:/Users/trinh/Down
loads/finai---smart-finance-tracker---deploy/components/cap
ital/AddCreditCardModal.tsx, C:/Users/trinh/Downloads/finai
---smart-finance-tracker---deploy/components/capital/AddLia
bilityModal.tsx, C:/Users/trinh/Downloads/finai---smart-fin
ance-tracker---deploy/components/capital/CreditCardDetailMo
dal.tsx, C:/Users/trinh/Downloads/finai---smart-finance-tra
cker---deploy/components/capital/EquityFundActionModal.tsx,
 C:/Users/trinh/Downloads/finai---smart-finance-tracker---d
eploy/components/capital/EquitySourceAnalysis.tsx, C:/Users
/trinh/Downloads/finai---smart-finance-tracker---deploy/com
ponents/capital/LiabilityActionModal.tsx, C:/Users/trinh/Do
wnloads/finai---smart-finance-tracker---deploy/components/c
apital/SixJarsWizardModal.tsx, C:/Users/trinh/Downloads/fin
ai---smart-finance-tracker---deploy/components/contacts/Con
tactDetailModal.tsx, C:/Users/trinh/Downloads/finai---smart
-finance-tracker---deploy/components/contacts/ContactDirect
oryModal.tsx, C:/Users/trinh/Downloads/finai---smart-financ
e-tracker---deploy/components/contacts/ContactForm.tsx, C:/
Users/trinh/Downloads/finai---smart-finance-tracker---deplo
y/components/dashboard/CategorySetupModal.tsx, C:/Users/tri
nh/Downloads/finai---smart-finance-tracker---deploy/compone
nts/dashboard/EarlyFeedbackModal.tsx, C:/Users/trinh/Downlo
ads/finai---smart-finance-tracker---deploy/components/dashb
oard/EditTransactionModal.tsx, C:/Users/trinh/Downloads/fin
ai---smart-finance-tracker---deploy/components/dashboard/Fe
edbackModal.tsx, C:/Users/trinh/Downloads/finai---smart-fin
ance-tracker---deploy/components/dashboard/NpsSurveyModal.t
sx, C:/Users/trinh/Downloads/finai---smart-finance-tracker-
--deploy/components/dashboard/settings/IncomingTab.tsx, C:/
Users/trinh/Downloads/finai---smart-finance-tracker---deplo
y/components/dashboard/settings/PasscodeSettings.tsx, C:/Us
ers/trinh/Downloads/finai---smart-finance-tracker---deploy/
components/dashboard/settings/ProfileTab.tsx, C:/Users/trin
h/Downloads/finai---smart-finance-tracker---deploy/componen
ts/dashboard/settings/SharingTab.tsx, C:/Users/trinh/Downlo
ads/finai---smart-finance-tracker---deploy/components/provi
ders/AuthProvider.tsx, C:/Users/trinh/Downloads/finai---sma
rt-finance-tracker---deploy/components/reports/FundProgress
Grid.tsx, C:/Users/trinh/Downloads/finai---smart-finance-tr
acker---deploy/components/reports/SnapshotManagerModal.tsx,
 C:/Users/trinh/Downloads/finai---smart-finance-tracker---d
eploy/hooks/useDashboardData.ts, C:/Users/trinh/Downloads/f
inai---smart-finance-tracker---deploy/hooks/useFinancialHea
lth.ts, C:/Users/trinh/Downloads/finai---smart-finance-trac
ker---deploy/hooks/useFunReaction.ts, C:/Users/trinh/Downlo
ads/finai---smart-finance-tracker---deploy/hooks/useLedgerC
onfirm.ts, C:/Users/trinh/Downloads/finai---smart-finance-t
racker---deploy/hooks/useTransactionLimit.ts, C:/Users/trin
h/Downloads/finai---smart-finance-tracker---deploy/hooks/us
eTutorial.ts, C:/Users/trinh/Downloads/finai---smart-financ
e-tracker---deploy/lib/firebase.ts, C:/Users/trinh/Download
s/finai---smart-finance-tracker---deploy/views/AdvisorChat.
tsx, C:/Users/trinh/Downloads/finai---smart-finance-tracker
---deploy/views/AssetManagement.tsx, C:/Users/trinh/Downloa
ds/finai---smart-finance-tracker---deploy/views/Budget.tsx,
 C:/Users/trinh/Downloads/finai---smart-finance-tracker---d
eploy/views/CapitalManagement.tsx, C:/Users/trinh/Downloads
/finai---smart-finance-tracker---deploy/views/Dashboard.tsx
, C:/Users/trinh/Downloads/finai---smart-finance-tracker---
deploy/views/FinancialReports.tsx, C:/Users/trinh/Downloads
/finai---smart-finance-tracker---deploy/views/Login.tsx, C:
/Users/trinh/Downloads/finai---smart-finance-tracker---depl
oy/views/NewEntry.tsx, C:/Users/trinh/Downloads/finai---sma
rt-finance-tracker---deploy/views/Onboarding.tsx, C:/Users/
trinh/Downloads/finai---smart-finance-tracker---deploy/view
s/ReviewTransactions.tsx, C:/Users/trinh/Downloads/finai---
smart-finance-tracker---deploy/views/TransactionHistory.tsx
, dynamic import will not move module into another chunk.
[39m
computing gzip size...
[2mdist/[22m[32mindex.html                                [39m[1m[2m  5.06 kB[22m[1m[22m[2m Γöé gzip:   1.98 kB[22m
[2mdist/[22m[36massets/check-BmUKlRDA.js                  [39m[1m[2m  0.29 kB[22m[1m[22m[2m Γöé gzip:   0.25 kB[22m
[2mdist/[22m[36massets/chevron-down-DjxwXAAm.js           [39m[1m[2m  0.30 kB[22m[1m[22m[2m Γöé gzip:   0.25 kB[22m
[2mdist/[22m[36massets/chevron-left-DlpHaO-h.js           [39m[1m[2m  0.30 kB[22m[1m[22m[2m Γöé gzip:   0.25 kB[22m
[2mdist/[22m[36massets/play-xunoVYYL.js                   [39m[1m[2m  0.30 kB[22m[1m[22m[2m Γöé gzip:   0.25 kB[22m
[2mdist/[22m[36massets/pen-COG2F0ek.js                    [39m[1m[2m  0.32 kB[22m[1m[22m[2m Γöé gzip:   0.27 kB[22m
[2mdist/[22m[36massets/arrow-left-g3dkeN0t.js             [39m[1m[2m  0.33 kB[22m[1m[22m[2m Γöé gzip:   0.26 kB[22m
[2mdist/[22m[36massets/message-square-DN3iOo4C.js         [39m[1m[2m  0.35 kB[22m[1m[22m[2m Γöé gzip:   0.27 kB[22m
[2mdist/[22m[36massets/check-circle-2-CPnvA1vO.js         [39m[1m[2m  0.35 kB[22m[1m[22m[2m Γöé gzip:   0.27 kB[22m
[2mdist/[22m[36massets/user-BnuRrd2o.js                   [39m[1m[2m  0.37 kB[22m[1m[22m[2m Γöé gzip:   0.29 kB[22m
[2mdist/[22m[36massets/shield-check-By5h8o6u.js           [39m[1m[2m  0.37 kB[22m[1m[22m[2m Γöé gzip:   0.29 kB[22m
[2mdist/[22m[36massets/info-B8FIe8wV.js                   [39m[1m[2m  0.37 kB[22m[1m[22m[2m Γöé gzip:   0.28 kB[22m
[2mdist/[22m[36massets/trending-up-cZ_lK5MK.js            [39m[1m[2m  0.37 kB[22m[1m[22m[2m Γöé gzip:   0.28 kB[22m
[2mdist/[22m[36massets/credit-card-BDAihTQP.js            [39m[1m[2m  0.38 kB[22m[1m[22m[2m Γöé gzip:   0.29 kB[22m
[2mdist/[22m[36massets/trending-down-DT3CB_kx.js          [39m[1m[2m  0.38 kB[22m[1m[22m[2m Γöé gzip:   0.28 kB[22m
[2mdist/[22m[36massets/target-DSvPO0YU.js                 [39m[1m[2m  0.40 kB[22m[1m[22m[2m Γöé gzip:   0.27 kB[22m
[2mdist/[22m[36massets/globe-BpB3a6FD.js                  [39m[1m[2m  0.41 kB[22m[1m[22m[2m Γöé gzip:   0.30 kB[22m
[2mdist/[22m[36massets/database-IzXvbnTC.js               [39m[1m[2m  0.41 kB[22m[1m[22m[2m Γöé gzip:   0.30 kB[22m
[2mdist/[22m[36massets/banknote-CLIzrB2E.js               [39m[1m[2m  0.41 kB[22m[1m[22m[2m Γöé gzip:   0.31 kB[22m
[2mdist/[22m[36massets/camera-km3FObGB.js                 [39m[1m[2m  0.42 kB[22m[1m[22m[2m Γöé gzip:   0.31 kB[22m
[2mdist/[22m[36massets/wallet-Dzr2UTnp.js                 [39m[1m[2m  0.42 kB[22m[1m[22m[2m Γöé gzip:   0.30 kB[22m
[2mdist/[22m[36massets/alert-triangle-D53z-yf6.js         [39m[1m[2m  0.43 kB[22m[1m[22m[2m Γöé gzip:   0.31 kB[22m
[2mdist/[22m[36massets/external-link-Bw303nP9.js          [39m[1m[2m  0.45 kB[22m[1m[22m[2m Γöé gzip:   0.33 kB[22m
[2mdist/[22m[36massets/coins-bUoi5Vec.js                  [39m[1m[2m  0.45 kB[22m[1m[22m[2m Γöé gzip:   0.33 kB[22m
[2mdist/[22m[36massets/layout-grid-ClBVdRsB.js            [39m[1m[2m  0.51 kB[22m[1m[22m[2m Γöé gzip:   0.30 kB[22m
[2mdist/[22m[36massets/trash-2-CNFMnSKy.js                [39m[1m[2m  0.53 kB[22m[1m[22m[2m Γöé gzip:   0.35 kB[22m
[2mdist/[22m[36massets/layers-DADn7hiC.js                 [39m[1m[2m  0.53 kB[22m[1m[22m[2m Γöé gzip:   0.34 kB[22m
[2mdist/[22m[36massets/useTransactionLimit-Be_OgoW5.js    [39m[1m[2m  0.56 kB[22m[1m[22m[2m Γöé gzip:   0.39 kB[22m
[2mdist/[22m[36massets/phone-D4OF0KZA.js                  [39m[1m[2m  0.56 kB[22m[1m[22m[2m Γöé gzip:   0.36 kB[22m
[2mdist/[22m[36massets/pie-chart-j2q6ITjv.js              [39m[1m[2m  0.73 kB[22m[1m[22m[2m Γöé gzip:   0.37 kB[22m
[2mdist/[22m[36massets/chevron-right-jz9BPbgk.js          [39m[1m[2m  0.74 kB[22m[1m[22m[2m Γöé gzip:   0.37 kB[22m
[2mdist/[22m[36massets/bug-C_2h4-j_.js                    [39m[1m[2m  0.84 kB[22m[1m[22m[2m Γöé gzip:   0.47 kB[22m
[2mdist/[22m[36massets/brain-circuit-CjX1f5xJ.js          [39m[1m[2m  0.88 kB[22m[1m[22m[2m Γöé gzip:   0.44 kB[22m
[2mdist/[22m[36massets/eye-BNTfLEwP.js                    [39m[1m[2m  0.89 kB[22m[1m[22m[2m Γöé gzip:   0.45 kB[22m
[2mdist/[22m[36massets/creditUtils-xf8I3N4Q.js            [39m[1m[2m  0.92 kB[22m[1m[22m[2m Γöé gzip:   0.49 kB[22m
[2mdist/[22m[36massets/refresh-cw-CYWpPlHL.js             [39m[1m[2m  0.93 kB[22m[1m[22m[2m Γöé gzip:   0.47 kB[22m
[2mdist/[22m[36massets/pencil-m-O-WW3O.js                 [39m[1m[2m  0.94 kB[22m[1m[22m[2m Γöé gzip:   0.38 kB[22m
[2mdist/[22m[36massets/StandardInput-LdR7WRRV.js          [39m[1m[2m  0.99 kB[22m[1m[22m[2m Γöé gzip:   0.59 kB[22m
[2mdist/[22m[36massets/AmountInput-DrZ9WgWU.js            [39m[1m[2m  1.18 kB[22m[1m[22m[2m Γöé gzip:   0.65 kB[22m
[2mdist/[22m[36massets/settings-BfFVHQxj.js               [39m[1m[2m  1.21 kB[22m[1m[22m[2m Γöé gzip:   0.51 kB[22m
[2mdist/[22m[36massets/DateInput-BKY7Exjo.js              [39m[1m[2m  1.61 kB[22m[1m[22m[2m Γöé gzip:   0.83 kB[22m
[2mdist/[22m[36massets/useFunReaction-CrmxOZHT.js         [39m[1m[2m  3.52 kB[22m[1m[22m[2m Γöé gzip:   2.09 kB[22m
[2mdist/[22m[36massets/useFinancialHealth-D8y6W2hj.js     [39m[1m[2m  8.86 kB[22m[1m[22m[2m Γöé gzip:   3.65 kB[22m
[2mdist/[22m[36massets/Onboarding-Bb_PtXX4.js             [39m[1m[2m 10.17 kB[22m[1m[22m[2m Γöé gzip:   3.15 kB[22m
[2mdist/[22m[36massets/Budget-CTy8IZkZ.js                 [39m[1m[2m 10.84 kB[22m[1m[22m[2m Γöé gzip:   3.65 kB[22m
[2mdist/[22m[36massets/EditTransactionModal-CduJ3-rt.js   [39m[1m[2m 12.11 kB[22m[1m[22m[2m Γöé gzip:   3.83 kB[22m
[2mdist/[22m[36massets/AreaChart-ZdyCWmFu.js              [39m[1m[2m 15.51 kB[22m[1m[22m[2m Γöé gzip:   5.42 kB[22m
[2mdist/[22m[36massets/ReviewTransactions-BTNhI8PF.js     [39m[1m[2m 16.54 kB[22m[1m[22m[2m Γöé gzip:   5.88 kB[22m
[2mdist/[22m[36massets/TransactionHistory-DDwFnW13.js     [39m[1m[2m 17.74 kB[22m[1m[22m[2m Γöé gzip:   5.62 kB[22m
[2mdist/[22m[36massets/NewEntry-DbKG8Xuu.js               [39m[1m[2m 19.49 kB[22m[1m[22m[2m Γöé gzip:   6.82 kB[22m
[2mdist/[22m[36massets/Login-B6PV0sAz.js                  [39m[1m[2m 21.92 kB[22m[1m[22m[2m Γöé gzip:   6.32 kB[22m
[2mdist/[22m[36massets/PieChart-Ix8VoRg9.js               [39m[1m[2m 30.23 kB[22m[1m[22m[2m Γöé gzip:   8.79 kB[22m
[2mdist/[22m[36massets/ContactDirectoryModal-BiycXFT5.js  [39m[1m[2m 34.35 kB[22m[1m[22m[2m Γöé gzip:   8.91 kB[22m
[2mdist/[22m[36massets/AdvisorChat-DqfbAUXm.js            [39m[1m[2m 56.83 kB[22m[1m[22m[2m Γöé gzip:  15.40 kB[22m
[2mdist/[22m[36massets/FinancialReports-BUK2fyUx.js       [39m[1m[2m 76.33 kB[22m[1m[22m[2m Γöé gzip:  20.12 kB[22m
[2mdist/[22m[36massets/CapitalManagement-BzBMwkqF.js      [39m[1m[2m114.84 kB[22m[1m[22m[2m Γöé gzip:  27.11 kB[22m
[2mdist/[22m[36massets/Dashboard-B3da_XzO.js              [39m[1m[2m127.58 kB[22m[1m[22m[2m Γöé gzip:  35.05 kB[22m
[2mdist/[22m[36massets/AssetManagement-BMIpv18B.js        [39m[1m[2m178.26 kB[22m[1m[22m[2m Γöé gzip:  36.41 kB[22m
[2mdist/[22m[36massets/index-DDZkw1qX.js                  [39m[1m[2m253.56 kB[22m[1m[22m[2m Γöé gzip:  50.03 kB[22m
[2mdist/[22m[36massets/CartesianChart-CcbsgNei.js         [39m[1m[2m319.72 kB[22m[1m[22m[2m Γöé gzip:  97.72 kB[22m
[2mdist/[22m[36massets/index-DMLAZnF7.js                  [39m[1m[33m842.64 kB[39m[22m[2m Γöé gzip: 225.79 kB[22m
[33m
(!) Some chunks are larger than 500 kB after minification. 
Consider:
- Using dynamic import() to code-split the application
- Use build.rollupOptions.output.manualChunks to improve 
chunking: https://rollupjs.org/configuration-options/#outpu
t-manualchunks
- Adjust chunk size limit for this warning via 
build.chunkSizeWarningLimit.[39m
[32mΓ£ô built in 10.23s[39m
